// Jest Snapshot v1, https://goo.gl/fbAQLP

exports[`GameArtist renders correctly 1`] = `
<section
  className="game game--artist"
>
  <header
    className="game__header"
  >
    <a
      className="game__back"
      href="#"
    >
      <span
        className="visually-hidden"
      >
        Сыграть ещё раз
      </span>
      <img
        alt="Угадай мелодию"
        className="game__logo"
        src="img/melody-logo-ginger.png"
      />
    </a>
    <svg
      className="timer"
      viewBox="0 0 780 780"
      xmlns="http://www.w3.org/2000/svg"
    >
      <circle
        className="timer__line"
        cx="390"
        cy="390"
        r="370"
        style={
          Object {
            "filter": "url(#blur)",
            "transform": "rotate(-90deg) scaleY(-1)",
            "transformOrigin": "center",
          }
        }
      />
    </svg>
  </header>
  <section
    className="game__screen"
  >
    <h2
      className="game__title"
    >
      Кто исполняет эту песню?
    </h2>
    <div
      className="game__track"
    >
      <div
        className="track"
      >
        <button
          className="track__button track__button--play"
          disabled={true}
          onClick={[Function]}
          style={
            Object {
              "outline": "none",
            }
          }
          type="button"
        />
        <div
          className="track__status"
        >
          <audio />
        </div>
      </div>
    </div>
    <form
      className="game__artist"
    >
      <div
        className="artist"
      >
        <input
          className="artist__input visually-hidden"
          id={200}
          name="answer"
          onChange={[Function]}
          type="radio"
          value={200}
        />
        <label
          className="artist__name"
          htmlFor={200}
        >
          <img
            alt="Bad Snacks"
            className="artist__picture"
            src="http://placehold.it/134x134"
          />
          Bad Snacks
        </label>
      </div>
      <div
        className="artist"
      >
        <input
          className="artist__input visually-hidden"
          id={201}
          name="answer"
          onChange={[Function]}
          type="radio"
          value={201}
        />
        <label
          className="artist__name"
          htmlFor={201}
        >
          <img
            alt="Jack Daniels"
            className="artist__picture"
            src="http://placehold.it/134x134"
          />
          Jack Daniels
        </label>
      </div>
      <div
        className="artist"
      >
        <input
          className="artist__input visually-hidden"
          id={202}
          name="answer"
          onChange={[Function]}
          type="radio"
          value={202}
        />
        <label
          className="artist__name"
          htmlFor={202}
        >
          <img
            alt="Jim Beam"
            className="artist__picture"
            src="http://placehold.it/134x134"
          />
          Jim Beam
        </label>
      </div>
    </form>
  </section>
</section>
`;
